// Jest Snapshot v1, https://jestjs.io/docs/snapshot-testing

exports[`LoadingSpinner 스냅샷 테스트 1`] = `
<div
  class="flex min-h-screen items-center justify-center"
>
  <div
    class="animate-spin rounded-full h-8 w-8 border-b-2 border-primary"
  >
     
  </div>
</div>
`;
